#
# There is insufficient memory for the Java Runtime Environment to continue.
# Native memory allocation (mmap) failed to map 123731968 bytes for G1 virtual space
# Possible reasons:
#   The system is out of physical RAM or swap space
#   The process is running with CompressedOops enabled, and the Java Heap may be blocking the growth of the native heap
# Possible solutions:
#   Reduce memory load on the system
#   Increase physical memory or swap space
#   Check if swap backing store is full
#   Decrease Java heap size (-Xmx/-Xms)
#   Decrease number of Java threads
#   Decrease Java thread stack sizes (-Xss)
#   Set larger code cache with -XX:ReservedCodeCacheSize=
#   JVM is running with Unscaled Compressed Oops mode in which the Java heap is
#     placed in the first 4GB address space. The Java Heap base address is the
#     maximum limit for the native heap growth. Please use -XX:HeapBaseMinAddress
#     to set the Java Heap base and to place the Java Heap above 4GB virtual address.
# This output file may be truncated or incomplete.
#
#  Out of Memory Error (os_windows.cpp:3548), pid=17464, tid=24924
#
# JRE version:  (17.0.5+8) (build )
# Java VM: OpenJDK 64-Bit Server VM (17.0.5+8, mixed mode, sharing, tiered, compressed oops, compressed class ptrs, g1 gc, windows-amd64)
# No core dump will be written. Minidumps are not enabled by default on client versions of Windows
#

---------------  S U M M A R Y ------------

Command Line: -Dfile.encoding=UTF-8 --module-path=C:\sist1226\javacoding\javacodingstudy\bin -XX:+ShowCodeDetailsInExceptionMessages -Djdk.module.main=javacodingstudy javacodingstudy/_250402.세개의_구분자

Host: AMD Ryzen 5 4500U with Radeon Graphics         , 6 cores, 7G,  Windows 10 , 64 bit Build 19041 (10.0.19041.5438)
Time: Wed Apr  2 21:15:08 2025  Windows 10 , 64 bit Build 19041 (10.0.19041.5438) elapsed time: 0.039378 seconds (0d 0h 0m 0s)

---------------  T H R E A D  ---------------

Current thread (0x0000020003230120):  JavaThread "Unknown thread" [_thread_in_vm, id=24924, stack(0x000000c51a400000,0x000000c51a500000)]

Stack: [0x000000c51a400000,0x000000c51a500000]
Native frames: (J=compiled Java code, j=interpreted, Vv=VM code, C=native code)
V  [jvm.dll+0x676b3a]
V  [jvm.dll+0x831444]
V  [jvm.dll+0x832bee]
V  [jvm.dll+0x833253]
V  [jvm.dll+0x244ce5]
V  [jvm.dll+0x673a49]
V  [jvm.dll+0x66811a]
V  [jvm.dll+0x303ceb]
V  [jvm.dll+0x30b1e6]
V  [jvm.dll+0x35adbe]
V  [jvm.dll+0x35afef]
V  [jvm.dll+0x2dab88]
V  [jvm.dll+0x2dbaf4]
V  [jvm.dll+0x803121]
V  [jvm.dll+0x368bb1]
V  [jvm.dll+0x7e265c]
V  [jvm.dll+0x3eb17f]
V  [jvm.dll+0x3eccc1]
C  [jli.dll+0x5267]
C  [ucrtbase.dll+0x21bb2]
C  [KERNEL32.DLL+0x17374]
C  [ntdll.dll+0x4cc91]


---------------  P R O C E S S  ---------------

Threads class SMR info:
_java_thread_list=0x00007ffee3222f18, length=0, elements={
}

Java Threads: ( => current thread )

Other Threads:
  0x0000020003286970 GCTaskThread "GC Thread#0" [stack: 0x000000c51a500000,0x000000c51a600000] [id=13880]
  0x0000020003296470 ConcurrentGCThread "G1 Main Marker" [stack: 0x000000c51a600000,0x000000c51a700000] [id=15488]
  0x0000020003299530 ConcurrentGCThread "G1 Conc#0" [stack: 0x000000c51a700000,0x000000c51a800000] [id=9680]

[error occurred during error reporting (printing all threads), id 0xc0000005, EXCEPTION_ACCESS_VIOLATION (0xc0000005) at pc=0x00007ffee29fb617]

VM state: not at safepoint (not fully initialized)

VM Mutex/Monitor currently owned by a thread:  ([mutex/lock_event])
[0x000002000322ab10] Heap_lock - owner thread: 0x0000020003230120

Heap address: 0x000000008a200000, size: 1886 MB, Compressed Oops mode: 32-bit

CDS archive(s) mapped at: [0x0000000000000000-0x0000000000000000-0x0000000000000000), size 0, SharedBaseAddress: 0x0000000800000000, ArchiveRelocationMode: 0.
Narrow klass base: 0x0000000000000000, Narrow klass shift: 0, Narrow klass range: 0x0

GC Precious Log:
<Empty>

Heap:
 garbage-first heap   total 0K, used 0K [0x000000008a200000, 0x0000000100000000)
  region size 1024K, 0 young (0K), 0 survivors (0K)

[error occurred during error reporting (printing heap information), id 0xc0000005, EXCEPTION_ACCESS_VIOLATION (0xc0000005) at pc=0x00007ffee2ddfcb9]

GC Heap History (0 events):
No events

Dll operation events (1 events):
Event: 0.019 Loaded shared library C:\Users\Seo\.p2\pool\plugins\org.eclipse.justj.openjdk.hotspot.jre.full.win32.x86_64_17.0.5.v20221102-0933\jre\bin\java.dll

Deoptimization events (0 events):
No events

Classes unloaded (0 events):
No events

Classes redefined (0 events):
No events

Internal exceptions (0 events):
No events

VM Operations (0 events):
No events

Events (0 events):
No events


Dynamic libraries:
0x00007ff710320000 - 0x00007ff71032e000 	C:\Users\Seo\.p2\pool\plugins\org.eclipse.justj.openjdk.hotspot.jre.full.win32.x86_64_17.0.5.v20221102-0933\jre\bin\javaw.exe
0x00007fff28750000 - 0x00007fff28948000 	C:\WINDOWS\SYSTEM32\ntdll.dll
0x00007fff27990000 - 0x00007fff27a52000 	C:\WINDOWS\System32\KERNEL32.DLL
0x00007fff26470000 - 0x00007fff2676f000 	C:\WINDOWS\System32\KERNELBASE.dll
0x00007fff26070000 - 0x00007fff26170000 	C:\WINDOWS\System32\ucrtbase.dll
0x00007fff1fdf0000 - 0x00007fff1fe07000 	C:\Users\Seo\.p2\pool\plugins\org.eclipse.justj.openjdk.hotspot.jre.full.win32.x86_64_17.0.5.v20221102-0933\jre\bin\jli.dll
0x00007fff27610000 - 0x00007fff277ad000 	C:\WINDOWS\System32\USER32.dll
0x00007fff263a0000 - 0x00007fff263c2000 	C:\WINDOWS\System32\win32u.dll
0x00007fff286e0000 - 0x00007fff2870b000 	C:\WINDOWS\System32\GDI32.dll
0x00007fff261f0000 - 0x00007fff2630a000 	C:\WINDOWS\System32\gdi32full.dll
0x00007fff263d0000 - 0x00007fff2646d000 	C:\WINDOWS\System32\msvcp_win.dll
0x00007fff1fdd0000 - 0x00007fff1fde9000 	C:\Users\Seo\.p2\pool\plugins\org.eclipse.justj.openjdk.hotspot.jre.full.win32.x86_64_17.0.5.v20221102-0933\jre\bin\VCRUNTIME140.dll
0x00007fff0c230000 - 0x00007fff0c4ca000 	C:\WINDOWS\WinSxS\amd64_microsoft.windows.common-controls_6595b64144ccf1df_6.0.19041.4355_none_60b8b9eb71f62e16\COMCTL32.dll
0x00007fff27350000 - 0x00007fff273ee000 	C:\WINDOWS\System32\msvcrt.dll
0x00007fff271f0000 - 0x00007fff2721f000 	C:\WINDOWS\System32\IMM32.DLL
0x00007fff1fdc0000 - 0x00007fff1fdcc000 	C:\Users\Seo\.p2\pool\plugins\org.eclipse.justj.openjdk.hotspot.jre.full.win32.x86_64_17.0.5.v20221102-0933\jre\bin\vcruntime140_1.dll
0x00007ffeff370000 - 0x00007ffeff401000 	C:\Users\Seo\.p2\pool\plugins\org.eclipse.justj.openjdk.hotspot.jre.full.win32.x86_64_17.0.5.v20221102-0933\jre\bin\msvcp140.dll
0x00007ffee2710000 - 0x00007ffee3354000 	C:\Users\Seo\.p2\pool\plugins\org.eclipse.justj.openjdk.hotspot.jre.full.win32.x86_64_17.0.5.v20221102-0933\jre\bin\server\jvm.dll
0x00007fff277b0000 - 0x00007fff2785f000 	C:\WINDOWS\System32\ADVAPI32.dll
0x00007fff27cd0000 - 0x00007fff27d6f000 	C:\WINDOWS\System32\sechost.dll
0x00007fff27220000 - 0x00007fff27343000 	C:\WINDOWS\System32\RPCRT4.dll
0x00007fff26170000 - 0x00007fff26197000 	C:\WINDOWS\System32\bcrypt.dll
0x00007fff0fad0000 - 0x00007fff0fad9000 	C:\WINDOWS\SYSTEM32\WSOCK32.dll
0x00007fff26c10000 - 0x00007fff26c7b000 	C:\WINDOWS\System32\WS2_32.dll
0x00007fff1a900000 - 0x00007fff1a927000 	C:\WINDOWS\SYSTEM32\WINMM.dll
0x00007fff1a9f0000 - 0x00007fff1a9fa000 	C:\WINDOWS\SYSTEM32\VERSION.dll
0x00007fff245d0000 - 0x00007fff245e2000 	C:\WINDOWS\SYSTEM32\kernel.appcore.dll
0x00007fff1fd50000 - 0x00007fff1fd5a000 	C:\Users\Seo\.p2\pool\plugins\org.eclipse.justj.openjdk.hotspot.jre.full.win32.x86_64_17.0.5.v20221102-0933\jre\bin\jimage.dll
0x00007fff23a90000 - 0x00007fff23c74000 	C:\WINDOWS\SYSTEM32\DBGHELP.DLL
0x00007fff0ffe0000 - 0x00007fff10014000 	C:\WINDOWS\SYSTEM32\dbgcore.DLL
0x00007fff26310000 - 0x00007fff26392000 	C:\WINDOWS\System32\bcryptPrimitives.dll
0x00007fff1f930000 - 0x00007fff1f955000 	C:\Users\Seo\.p2\pool\plugins\org.eclipse.justj.openjdk.hotspot.jre.full.win32.x86_64_17.0.5.v20221102-0933\jre\bin\java.dll

dbghelp: loaded successfully - version: 4.0.5 - missing functions: none
symbol engine: initialized successfully - sym options: 0x614 - pdb path: .;C:\Users\Seo\.p2\pool\plugins\org.eclipse.justj.openjdk.hotspot.jre.full.win32.x86_64_17.0.5.v20221102-0933\jre\bin;C:\WINDOWS\SYSTEM32;C:\WINDOWS\WinSxS\amd64_microsoft.windows.common-controls_6595b64144ccf1df_6.0.19041.4355_none_60b8b9eb71f62e16;C:\Users\Seo\.p2\pool\plugins\org.eclipse.justj.openjdk.hotspot.jre.full.win32.x86_64_17.0.5.v20221102-0933\jre\bin\server

VM Arguments:
jvm_args: -Dfile.encoding=UTF-8 --module-path=C:\sist1226\javacoding\javacodingstudy\bin -XX:+ShowCodeDetailsInExceptionMessages -Djdk.module.main=javacodingstudy 
java_command: javacodingstudy/_250402.세개의_구분자
java_class_path (initial): <not set>
Launcher Type: SUN_STANDARD

[Global flags]
     intx CICompilerCount                          = 3                                         {product} {ergonomic}
     uint ConcGCThreads                            = 2                                         {product} {ergonomic}
     uint G1ConcRefinementThreads                  = 6                                         {product} {ergonomic}
   size_t G1HeapRegionSize                         = 1048576                                   {product} {ergonomic}
    uintx GCDrainStackTargetSize                   = 64                                        {product} {ergonomic}
   size_t InitialHeapSize                          = 123731968                                 {product} {ergonomic}
   size_t MarkStackSize                            = 4194304                                   {product} {ergonomic}
   size_t MaxHeapSize                              = 1977614336                                {product} {ergonomic}
   size_t MinHeapDeltaBytes                        = 1048576                                   {product} {ergonomic}
   size_t MinHeapSize                              = 8388608                                   {product} {ergonomic}
    uintx NonNMethodCodeHeapSize                   = 5832780                                {pd product} {ergonomic}
    uintx NonProfiledCodeHeapSize                  = 122912730                              {pd product} {ergonomic}
    uintx ProfiledCodeHeapSize                     = 122912730                              {pd product} {ergonomic}
    uintx ReservedCodeCacheSize                    = 251658240                              {pd product} {ergonomic}
     bool SegmentedCodeCache                       = true                                      {product} {ergonomic}
     bool ShowCodeDetailsInExceptionMessages       = true                                   {manageable} {command line}
   size_t SoftMaxHeapSize                          = 1977614336                             {manageable} {ergonomic}
     bool UseCompressedClassPointers               = true                           {product lp64_product} {ergonomic}
     bool UseCompressedOops                        = true                           {product lp64_product} {ergonomic}
     bool UseG1GC                                  = true                                      {product} {ergonomic}
     bool UseLargePagesIndividualAllocation        = false                                  {pd product} {ergonomic}

Logging:
Log output configuration:
 #0: stdout all=warning uptime,level,tags
 #1: stderr all=off uptime,level,tags

Environment Variables:
JAVA_HOME=C:\Program Files\Java\jdk-11.0.16.1
PATH=C:/sist1226/util/sts-4.18.0.RELEASE//plugins/org.eclipse.justj.openjdk.hotspot.jre.full.win32.x86_64_17.0.6.v20230204-1729/jre/bin/server;C:/sist1226/util/sts-4.18.0.RELEASE//plugins/org.eclipse.justj.openjdk.hotspot.jre.full.win32.x86_64_17.0.6.v20230204-1729/jre/bin;C:\app\Dongyik\product\18.0.0\dbhomeXE\bin;C:\Program Files (x86)\NAT Service;C:\WINDOWS\system32;C:\WINDOWS;C:\WINDOWS\System32\Wbem;C:\WINDOWS\System32\WindowsPowerShell\v1.0\;C:\WINDOWS\System32\OpenSSH\;C:\Users\Seo\.dnx\bin;C:\Program Files\Microsoft DNX\Dnvm\;C:\Program Files\Microsoft SQL Server\130\Tools\Binn\;C:\Aldec\Active-HDL-Student-Edition\bin;C:\Program Files\Java\jdk-11.0.16.1\bin;C:\Program Files\MySQL\MySQL Server 8.0\bin;C:\Program Files\Git\cmd;C:\Program Files\nodejs\;C:\Users\USERNAME\AppData\Roaming\npm\;;C:\Program Files\Docker\Docker\resources\bin;C:\Users\Seo\AppData\Local\Programs\Python\Python38\Scripts\;C:\Users\Seo\AppData\Local\Programs\Python\Python38\;C:\Program Files\MySQL\MySQL Server 8.0\bin;C:\Program Files (x86)\NAT Service;C:\WINDOWS\system32;C:\WINDOWS;C:\WINDOWS\System32\Wbem;C:\WINDOWS\System32\WindowsPowerShell\v1.0\;C:\WINDOWS\System32\OpenSSH\;C:\Users\Seo\AppData\Local\Microsoft\WindowsApps;C:\Program Files\Bandizip" /M;C:\Users\Seo\AppData\Local\Programs\Microsoft VS Code\bin;C:\Users\Seo\AppData\Roaming\npm;C:\sist1226\util\sts-4.18.0.RELEASE;
USERNAME=Dongyik
OS=Windows_NT
PROCESSOR_IDENTIFIER=AMD64 Family 23 Model 96 Stepping 1, AuthenticAMD
TMP=C:\Users\Seo\AppData\Local\Temp
TEMP=C:\Users\Seo\AppData\Local\Temp



---------------  S Y S T E M  ---------------

OS:
 Windows 10 , 64 bit Build 19041 (10.0.19041.5438)
OS uptime: 11 days 23:22 hours
Hyper-V role detected

CPU: total 6 (initial active 6) (6 cores per cpu, 1 threads per core) family 23 model 96 stepping 1 microcode 0x0, cx8, cmov, fxsr, mmx, 3dnowpref, sse, sse2, sse3, ssse3, sse4a, sse4.1, sse4.2, popcnt, lzcnt, tsc, tscinvbit, avx, avx2, aes, clmul, bmi1, bmi2, adx, sha, fma, vzeroupper, clflush, clflushopt, hv

Memory: 4k page, system-wide physical 7542M (857M free)
TotalPageFile size 31094M (AvailPageFile size 30M)
current process WorkingSet (physical memory assigned to process): 10M, peak: 10M
current process commit charge ("private bytes"): 55M, peak: 173M

vm_info: OpenJDK 64-Bit Server VM (17.0.5+8) for windows-amd64 JRE (17.0.5+8), built on Oct 19 2022 04:48:13 by "temurin" with MS VC++ 16.7 (VS2019)

END.
